203.0.113.99 - - [01/Jul/2026:02:10:00 +0000] "GET /admin HTTP/1.1" 401 512 "-" "Mozilla/5.0 (Windows NT 10.0; Win64; x64) AppleWebKit/537.36 Chrome/124.0"
203.0.113.99 - - [01/Jul/2026:02:13:00 +0000] "GET /admin HTTP/1.1" 401 512 "-" "Mozilla/5.0 (Windows NT 10.0; Win64; x64) AppleWebKit/537.36 Chrome/124.0"
203.0.113.99 - - [01/Jul/2026:02:16:00 +0000] "GET /admin HTTP/1.1" 401 512 "-" "Mozilla/5.0 (Windows NT 10.0; Win64; x64) AppleWebKit/537.36 Chrome/124.0"
203.0.113.99 - - [01/Jul/2026:02:19:00 +0000] "GET /admin HTTP/1.1" 401 512 "-" "Mozilla/5.0 (Windows NT 10.0; Win64; x64) AppleWebKit/537.36 Chrome/124.0"
203.0.113.99 - - [01/Jul/2026:02:22:00 +0000] "GET /admin HTTP/1.1" 401 512 "-" "Mozilla/5.0 (Windows NT 10.0; Win64; x64) AppleWebKit/537.36 Chrome/124.0"
203.0.113.99 - - [01/Jul/2026:02:25:00 +0000] "GET /admin HTTP/1.1" 401 512 "-" "Mozilla/5.0 (Windows NT 10.0; Win64; x64) AppleWebKit/537.36 Chrome/124.0"
203.0.113.9 - - [01/Jul/2026:08:00:01 +0000] "GET /about HTTP/1.1" 200 847 "-" "Mozilla/5.0 (Macintosh; Intel Mac OS X 10_15_7) AppleWebKit/605.1.15 Safari/605.1.15"
203.0.113.13 - - [01/Jul/2026:08:00:09 +0000] "GET / HTTP/1.1" 200 2776 "-" "Mozilla/5.0 (X11; Linux x86_64) Gecko/20100101 Firefox/126.0"
203.0.113.1 - - [01/Jul/2026:08:00:12 +0000] "GET /about HTTP/1.1" 200 1343 "-" "Mozilla/5.0 (X11; Linux x86_64) Gecko/20100101 Firefox/126.0"
203.0.113.1 - - [01/Jul/2026:08:00:14 +0000] "GET /images/logo.png HTTP/1.1" 200 5407 "-" "Mozilla/5.0 (Macintosh; Intel Mac OS X 10_15_7) AppleWebKit/605.1.15 Safari/605.1.15"
203.0.113.18 - - [01/Jul/2026:08:00:23 +0000] "GET /contact HTTP/1.1" 200 444 "-" "Mozilla/5.0 (Windows NT 10.0; Win64; x64) AppleWebKit/537.36 Chrome/124.0"
203.0.113.13 - - [01/Jul/2026:08:00:29 +0000] "GET /contact HTTP/1.1" 200 5911 "-" "Mozilla/5.0 (Macintosh; Intel Mac OS X 10_15_7) AppleWebKit/605.1.15 Safari/605.1.15"
203.0.113.11 - - [01/Jul/2026:08:00:30 +0000] "GET /images/logo.png HTTP/1.1" 200 4415 "-" "Mozilla/5.0 (Windows NT 10.0; Win64; x64) AppleWebKit/537.36 Chrome/124.0"
203.0.113.7 - - [01/Jul/2026:08:00:33 +0000] "GET /contact HTTP/1.1" 200 4797 "-" "Mozilla/5.0 (Windows NT 10.0; Win64; x64) AppleWebKit/537.36 Chrome/124.0"
203.0.113.18 - - [01/Jul/2026:08:00:35 +0000] "GET /products HTTP/1.1" 200 4447 "-" "Mozilla/5.0 (Macintosh; Intel Mac OS X 10_15_7) AppleWebKit/605.1.15 Safari/605.1.15"
203.0.113.12 - - [01/Jul/2026:08:00:43 +0000] "GET /blog/post-1 HTTP/1.1" 200 6659 "-" "Mozilla/5.0 (Macintosh; Intel Mac OS X 10_15_7) AppleWebKit/605.1.15 Safari/605.1.15"
203.0.113.10 - - [01/Jul/2026:08:00:48 +0000] "GET /images/logo.png HTTP/1.1" 200 5555 "-" "Mozilla/5.0 (X11; Linux x86_64) Gecko/20100101 Firefox/126.0"
203.0.113.18 - - [01/Jul/2026:08:00:50 +0000] "GET /index.html HTTP/1.1" 200 2478 "-" "Mozilla/5.0 (Macintosh; Intel Mac OS X 10_15_7) AppleWebKit/605.1.15 Safari/605.1.15"
203.0.113.12 - - [01/Jul/2026:08:00:52 +0000] "GET /blog/post-1 HTTP/1.1" 200 1049 "-" "Mozilla/5.0 (Windows NT 10.0; Win64; x64) AppleWebKit/537.36 Chrome/124.0"
203.0.113.6 - - [01/Jul/2026:08:00:55 +0000] "GET /products HTTP/1.1" 200 1473 "-" "Mozilla/5.0 (X11; Linux x86_64) Gecko/20100101 Firefox/126.0"
203.0.113.3 - - [01/Jul/2026:08:00:55 +0000] "GET /products HTTP/1.1" 200 4099 "-" "Mozilla/5.0 (Macintosh; Intel Mac OS X 10_15_7) AppleWebKit/605.1.15 Safari/605.1.15"
203.0.113.8 - - [01/Jul/2026:08:12:05 +0000] "GET / HTTP/1.1" 200 4888 "-" "Mozilla/5.0 (Macintosh; Intel Mac OS X 10_15_7) AppleWebKit/605.1.15 Safari/605.1.15"
203.0.113.11 - - [01/Jul/2026:08:12:17 +0000] "GET /images/logo.png HTTP/1.1" 200 5533 "-" "Mozilla/5.0 (Macintosh; Intel Mac OS X 10_15_7) AppleWebKit/605.1.15 Safari/605.1.15"
203.0.113.12 - - [01/Jul/2026:08:12:18 +0000] "GET /contact HTTP/1.1" 200 2230 "-" "Mozilla/5.0 (Macintosh; Intel Mac OS X 10_15_7) AppleWebKit/605.1.15 Safari/605.1.15"
203.0.113.19 - - [01/Jul/2026:08:12:23 +0000] "GET /blog/post-1 HTTP/1.1" 404 5855 "-" "Mozilla/5.0 (Macintosh; Intel Mac OS X 10_15_7) AppleWebKit/605.1.15 Safari/605.1.15"
203.0.113.10 - - [01/Jul/2026:08:12:30 +0000] "GET /contact HTTP/1.1" 304 1845 "-" "Mozilla/5.0 (Macintosh; Intel Mac OS X 10_15_7) AppleWebKit/605.1.15 Safari/605.1.15"
203.0.113.15 - - [01/Jul/2026:08:12:33 +0000] "GET /index.html HTTP/1.1" 200 906 "-" "Mozilla/5.0 (X11; Linux x86_64) Gecko/20100101 Firefox/126.0"
203.0.113.3 - - [01/Jul/2026:08:12:37 +0000] "GET / HTTP/1.1" 200 2085 "-" "Mozilla/5.0 (Macintosh; Intel Mac OS X 10_15_7) AppleWebKit/605.1.15 Safari/605.1.15"
203.0.113.10 - - [01/Jul/2026:08:12:42 +0000] "GET /blog/post-1 HTTP/1.1" 200 4506 "-" "Mozilla/5.0 (Macintosh; Intel Mac OS X 10_15_7) AppleWebKit/605.1.15 Safari/605.1.15"
203.0.113.15 - - [01/Jul/2026:08:12:44 +0000] "GET /index.html HTTP/1.1" 404 7190 "-" "Mozilla/5.0 (Macintosh; Intel Mac OS X 10_15_7) AppleWebKit/605.1.15 Safari/605.1.15"
203.0.113.1 - - [01/Jul/2026:08:12:56 +0000] "GET /blog/post-1 HTTP/1.1" 200 2075 "-" "Mozilla/5.0 (Windows NT 10.0; Win64; x64) AppleWebKit/537.36 Chrome/124.0"
203.0.113.13 - - [01/Jul/2026:08:24:04 +0000] "GET /images/logo.png HTTP/1.1" 404 4769 "-" "Mozilla/5.0 (Macintosh; Intel Mac OS X 10_15_7) AppleWebKit/605.1.15 Safari/605.1.15"
203.0.113.11 - - [01/Jul/2026:08:24:08 +0000] "GET /products HTTP/1.1" 200 5694 "-" "Mozilla/5.0 (Windows NT 10.0; Win64; x64) AppleWebKit/537.36 Chrome/124.0"
203.0.113.11 - - [01/Jul/2026:08:24:08 +0000] "GET /images/logo.png HTTP/1.1" 304 223 "-" "Mozilla/5.0 (Windows NT 10.0; Win64; x64) AppleWebKit/537.36 Chrome/124.0"
203.0.113.5 - - [01/Jul/2026:08:24:30 +0000] "GET /index.html HTTP/1.1" 200 3187 "-" "Mozilla/5.0 (Macintosh; Intel Mac OS X 10_15_7) AppleWebKit/605.1.15 Safari/605.1.15"
203.0.113.5 - - [01/Jul/2026:08:24:30 +0000] "GET /contact HTTP/1.1" 200 1629 "-" "Mozilla/5.0 (Windows NT 10.0; Win64; x64) AppleWebKit/537.36 Chrome/124.0"
203.0.113.5 - - [01/Jul/2026:08:24:32 +0000] "GET /contact HTTP/1.1" 200 4296 "-" "Mozilla/5.0 (Windows NT 10.0; Win64; x64) AppleWebKit/537.36 Chrome/124.0"
203.0.113.12 - - [01/Jul/2026:08:24:37 +0000] "GET /blog/post-1 HTTP/1.1" 200 1042 "-" "Mozilla/5.0 (Windows NT 10.0; Win64; x64) AppleWebKit/537.36 Chrome/124.0"
203.0.113.2 - - [01/Jul/2026:08:24:39 +0000] "GET /index.html HTTP/1.1" 200 6786 "-" "Mozilla/5.0 (Windows NT 10.0; Win64; x64) AppleWebKit/537.36 Chrome/124.0"
203.0.113.1 - - [01/Jul/2026:08:24:42 +0000] "GET / HTTP/1.1" 200 6658 "-" "Mozilla/5.0 (Windows NT 10.0; Win64; x64) AppleWebKit/537.36 Chrome/124.0"
203.0.113.17 - - [01/Jul/2026:08:24:44 +0000] "GET /about HTTP/1.1" 200 5207 "-" "Mozilla/5.0 (X11; Linux x86_64) Gecko/20100101 Firefox/126.0"
203.0.113.1 - - [01/Jul/2026:08:36:01 +0000] "GET /contact HTTP/1.1" 200 7805 "-" "Mozilla/5.0 (Macintosh; Intel Mac OS X 10_15_7) AppleWebKit/605.1.15 Safari/605.1.15"
203.0.113.2 - - [01/Jul/2026:08:36:03 +0000] "GET /index.html HTTP/1.1" 200 607 "-" "Mozilla/5.0 (Windows NT 10.0; Win64; x64) AppleWebKit/537.36 Chrome/124.0"
203.0.113.14 - - [01/Jul/2026:08:36:08 +0000] "GET /products HTTP/1.1" 200 6292 "-" "Mozilla/5.0 (X11; Linux x86_64) Gecko/20100101 Firefox/126.0"
203.0.113.9 - - [01/Jul/2026:08:36:13 +0000] "GET /blog/post-1 HTTP/1.1" 200 5173 "-" "Mozilla/5.0 (Macintosh; Intel Mac OS X 10_15_7) AppleWebKit/605.1.15 Safari/605.1.15"
203.0.113.16 - - [01/Jul/2026:08:36:16 +0000] "GET /about HTTP/1.1" 200 2966 "-" "Mozilla/5.0 (Macintosh; Intel Mac OS X 10_15_7) AppleWebKit/605.1.15 Safari/605.1.15"
203.0.113.10 - - [01/Jul/2026:08:36:27 +0000] "GET /blog/post-1 HTTP/1.1" 200 4246 "-" "Mozilla/5.0 (Macintosh; Intel Mac OS X 10_15_7) AppleWebKit/605.1.15 Safari/605.1.15"
203.0.113.17 - - [01/Jul/2026:08:36:40 +0000] "GET /about HTTP/1.1" 200 1122 "-" "Mozilla/5.0 (Macintosh; Intel Mac OS X 10_15_7) AppleWebKit/605.1.15 Safari/605.1.15"
203.0.113.15 - - [01/Jul/2026:08:36:43 +0000] "GET /images/logo.png HTTP/1.1" 200 5423 "-" "Mozilla/5.0 (Macintosh; Intel Mac OS X 10_15_7) AppleWebKit/605.1.15 Safari/605.1.15"
203.0.113.14 - - [01/Jul/2026:08:36:46 +0000] "GET /index.html HTTP/1.1" 200 1132 "-" "Mozilla/5.0 (Macintosh; Intel Mac OS X 10_15_7) AppleWebKit/605.1.15 Safari/605.1.15"
203.0.113.19 - - [01/Jul/2026:08:36:56 +0000] "GET /contact HTTP/1.1" 200 6657 "-" "Mozilla/5.0 (Windows NT 10.0; Win64; x64) AppleWebKit/537.36 Chrome/124.0"
203.0.113.11 - - [01/Jul/2026:08:48:04 +0000] "GET /contact HTTP/1.1" 200 7709 "-" "Mozilla/5.0 (Windows NT 10.0; Win64; x64) AppleWebKit/537.36 Chrome/124.0"
203.0.113.19 - - [01/Jul/2026:08:48:10 +0000] "GET /images/logo.png HTTP/1.1" 200 2826 "-" "Mozilla/5.0 (X11; Linux x86_64) Gecko/20100101 Firefox/126.0"
203.0.113.2 - - [01/Jul/2026:08:48:24 +0000] "GET /blog/post-1 HTTP/1.1" 200 6267 "-" "Mozilla/5.0 (Macintosh; Intel Mac OS X 10_15_7) AppleWebKit/605.1.15 Safari/605.1.15"
203.0.113.16 - - [01/Jul/2026:08:48:26 +0000] "GET /images/logo.png HTTP/1.1" 200 2610 "-" "Mozilla/5.0 (Macintosh; Intel Mac OS X 10_15_7) AppleWebKit/605.1.15 Safari/605.1.15"
203.0.113.10 - - [01/Jul/2026:08:48:30 +0000] "GET /blog/post-1 HTTP/1.1" 200 3587 "-" "Mozilla/5.0 (Windows NT 10.0; Win64; x64) AppleWebKit/537.36 Chrome/124.0"
203.0.113.10 - - [01/Jul/2026:08:48:31 +0000] "GET /blog/post-1 HTTP/1.1" 200 1256 "-" "Mozilla/5.0 (X11; Linux x86_64) Gecko/20100101 Firefox/126.0"
203.0.113.4 - - [01/Jul/2026:08:48:40 +0000] "GET /blog/post-1 HTTP/1.1" 200 292 "-" "Mozilla/5.0 (Windows NT 10.0; Win64; x64) AppleWebKit/537.36 Chrome/124.0"
203.0.113.10 - - [01/Jul/2026:08:48:41 +0000] "GET /products HTTP/1.1" 200 2890 "-" "Mozilla/5.0 (X11; Linux x86_64) Gecko/20100101 Firefox/126.0"
203.0.113.13 - - [01/Jul/2026:08:48:45 +0000] "GET /index.html HTTP/1.1" 200 4964 "-" "Mozilla/5.0 (X11; Linux x86_64) Gecko/20100101 Firefox/126.0"
203.0.113.9 - - [01/Jul/2026:08:48:54 +0000] "GET /contact HTTP/1.1" 304 7406 "-" "Mozilla/5.0 (Windows NT 10.0; Win64; x64) AppleWebKit/537.36 Chrome/124.0"
203.0.113.17 - - [01/Jul/2026:08:48:54 +0000] "GET /blog/post-1 HTTP/1.1" 200 4365 "-" "Mozilla/5.0 (Windows NT 10.0; Win64; x64) AppleWebKit/537.36 Chrome/124.0"
198.51.100.23 - - [01/Jul/2026:09:00:00 +0000] "POST /login HTTP/1.1" 401 128 "-" "Mozilla/5.0 (Macintosh; Intel Mac OS X 10_15_7) AppleWebKit/605.1.15 Safari/605.1.15"
198.51.100.23 - - [01/Jul/2026:09:00:15 +0000] "POST /login HTTP/1.1" 401 128 "-" "Mozilla/5.0 (Macintosh; Intel Mac OS X 10_15_7) AppleWebKit/605.1.15 Safari/605.1.15"
198.51.100.23 - - [01/Jul/2026:09:00:30 +0000] "POST /login HTTP/1.1" 401 128 "-" "Mozilla/5.0 (Macintosh; Intel Mac OS X 10_15_7) AppleWebKit/605.1.15 Safari/605.1.15"
198.51.100.23 - - [01/Jul/2026:09:00:45 +0000] "POST /login HTTP/1.1" 401 128 "-" "Mozilla/5.0 (Macintosh; Intel Mac OS X 10_15_7) AppleWebKit/605.1.15 Safari/605.1.15"
198.51.100.23 - - [01/Jul/2026:09:01:00 +0000] "POST /login HTTP/1.1" 401 128 "-" "Mozilla/5.0 (Macintosh; Intel Mac OS X 10_15_7) AppleWebKit/605.1.15 Safari/605.1.15"
203.0.113.16 - - [01/Jul/2026:09:01:03 +0000] "GET /products HTTP/1.1" 200 1867 "-" "Mozilla/5.0 (X11; Linux x86_64) Gecko/20100101 Firefox/126.0"
203.0.113.1 - - [01/Jul/2026:09:01:03 +0000] "GET /index.html HTTP/1.1" 200 7124 "-" "Mozilla/5.0 (X11; Linux x86_64) Gecko/20100101 Firefox/126.0"
203.0.113.11 - - [01/Jul/2026:09:01:13 +0000] "GET / HTTP/1.1" 200 3140 "-" "Mozilla/5.0 (Windows NT 10.0; Win64; x64) AppleWebKit/537.36 Chrome/124.0"
198.51.100.23 - - [01/Jul/2026:09:01:15 +0000] "POST /login HTTP/1.1" 401 128 "-" "Mozilla/5.0 (Macintosh; Intel Mac OS X 10_15_7) AppleWebKit/605.1.15 Safari/605.1.15"
203.0.113.5 - - [01/Jul/2026:09:01:18 +0000] "GET /about HTTP/1.1" 200 6864 "-" "Mozilla/5.0 (Windows NT 10.0; Win64; x64) AppleWebKit/537.36 Chrome/124.0"
203.0.113.18 - - [01/Jul/2026:09:01:25 +0000] "GET /about HTTP/1.1" 200 5920 "-" "Mozilla/5.0 (Windows NT 10.0; Win64; x64) AppleWebKit/537.36 Chrome/124.0"
198.51.100.23 - - [01/Jul/2026:09:01:30 +0000] "POST /login HTTP/1.1" 401 128 "-" "Mozilla/5.0 (Macintosh; Intel Mac OS X 10_15_7) AppleWebKit/605.1.15 Safari/605.1.15"
203.0.113.15 - - [01/Jul/2026:09:01:34 +0000] "GET /products HTTP/1.1" 200 6847 "-" "Mozilla/5.0 (X11; Linux x86_64) Gecko/20100101 Firefox/126.0"
203.0.113.11 - - [01/Jul/2026:09:01:35 +0000] "GET /images/logo.png HTTP/1.1" 404 7530 "-" "Mozilla/5.0 (X11; Linux x86_64) Gecko/20100101 Firefox/126.0"
203.0.113.9 - - [01/Jul/2026:09:01:40 +0000] "GET /blog/post-1 HTTP/1.1" 200 1222 "-" "Mozilla/5.0 (Windows NT 10.0; Win64; x64) AppleWebKit/537.36 Chrome/124.0"
198.51.100.23 - - [01/Jul/2026:09:01:45 +0000] "POST /login HTTP/1.1" 401 128 "-" "Mozilla/5.0 (Macintosh; Intel Mac OS X 10_15_7) AppleWebKit/605.1.15 Safari/605.1.15"
203.0.113.3 - - [01/Jul/2026:09:01:47 +0000] "GET /images/logo.png HTTP/1.1" 304 502 "-" "Mozilla/5.0 (X11; Linux x86_64) Gecko/20100101 Firefox/126.0"
198.51.100.23 - - [01/Jul/2026:09:02:00 +0000] "POST /login HTTP/1.1" 401 128 "-" "Mozilla/5.0 (Macintosh; Intel Mac OS X 10_15_7) AppleWebKit/605.1.15 Safari/605.1.15"
198.51.100.23 - - [01/Jul/2026:09:02:15 +0000] "POST /login HTTP/1.1" 401 128 "-" "Mozilla/5.0 (Macintosh; Intel Mac OS X 10_15_7) AppleWebKit/605.1.15 Safari/605.1.15"
198.51.100.23 - - [01/Jul/2026:09:02:30 +0000] "POST /login HTTP/1.1" 401 128 "-" "Mozilla/5.0 (Macintosh; Intel Mac OS X 10_15_7) AppleWebKit/605.1.15 Safari/605.1.15"
198.51.100.23 - - [01/Jul/2026:09:02:45 +0000] "POST /login HTTP/1.1" 401 128 "-" "Mozilla/5.0 (Macintosh; Intel Mac OS X 10_15_7) AppleWebKit/605.1.15 Safari/605.1.15"
203.0.113.11 - - [01/Jul/2026:09:13:05 +0000] "GET /products HTTP/1.1" 404 2587 "-" "Mozilla/5.0 (Windows NT 10.0; Win64; x64) AppleWebKit/537.36 Chrome/124.0"
203.0.113.2 - - [01/Jul/2026:09:13:05 +0000] "GET / HTTP/1.1" 200 2481 "-" "Mozilla/5.0 (Macintosh; Intel Mac OS X 10_15_7) AppleWebKit/605.1.15 Safari/605.1.15"
203.0.113.14 - - [01/Jul/2026:09:13:13 +0000] "GET / HTTP/1.1" 200 2797 "-" "Mozilla/5.0 (X11; Linux x86_64) Gecko/20100101 Firefox/126.0"
203.0.113.4 - - [01/Jul/2026:09:13:19 +0000] "GET /products HTTP/1.1" 200 4908 "-" "Mozilla/5.0 (Windows NT 10.0; Win64; x64) AppleWebKit/537.36 Chrome/124.0"
203.0.113.15 - - [01/Jul/2026:09:13:22 +0000] "GET /blog/post-1 HTTP/1.1" 200 1251 "-" "Mozilla/5.0 (Macintosh; Intel Mac OS X 10_15_7) AppleWebKit/605.1.15 Safari/605.1.15"
203.0.113.7 - - [01/Jul/2026:09:13:41 +0000] "GET /index.html HTTP/1.1" 200 7428 "-" "Mozilla/5.0 (X11; Linux x86_64) Gecko/20100101 Firefox/126.0"
203.0.113.19 - - [01/Jul/2026:09:13:41 +0000] "GET /about HTTP/1.1" 200 6888 "-" "Mozilla/5.0 (Windows NT 10.0; Win64; x64) AppleWebKit/537.36 Chrome/124.0"
203.0.113.10 - - [01/Jul/2026:09:13:42 +0000] "GET /images/logo.png HTTP/1.1" 200 2448 "-" "Mozilla/5.0 (Windows NT 10.0; Win64; x64) AppleWebKit/537.36 Chrome/124.0"
203.0.113.19 - - [01/Jul/2026:09:13:47 +0000] "GET /images/logo.png HTTP/1.1" 200 601 "-" "Mozilla/5.0 (X11; Linux x86_64) Gecko/20100101 Firefox/126.0"
203.0.113.19 - - [01/Jul/2026:09:25:02 +0000] "GET / HTTP/1.1" 200 629 "-" "Mozilla/5.0 (Macintosh; Intel Mac OS X 10_15_7) AppleWebKit/605.1.15 Safari/605.1.15"
203.0.113.18 - - [01/Jul/2026:09:25:04 +0000] "GET /contact HTTP/1.1" 200 7783 "-" "Mozilla/5.0 (Macintosh; Intel Mac OS X 10_15_7) AppleWebKit/605.1.15 Safari/605.1.15"
203.0.113.17 - - [01/Jul/2026:09:25:14 +0000] "GET /index.html HTTP/1.1" 200 4423 "-" "Mozilla/5.0 (Macintosh; Intel Mac OS X 10_15_7) AppleWebKit/605.1.15 Safari/605.1.15"
203.0.113.19 - - [01/Jul/2026:09:25:14 +0000] "GET /about HTTP/1.1" 200 3950 "-" "Mozilla/5.0 (Windows NT 10.0; Win64; x64) AppleWebKit/537.36 Chrome/124.0"
203.0.113.14 - - [01/Jul/2026:09:25:15 +0000] "GET / HTTP/1.1" 200 4101 "-" "Mozilla/5.0 (X11; Linux x86_64) Gecko/20100101 Firefox/126.0"
203.0.113.6 - - [01/Jul/2026:09:25:24 +0000] "GET /products HTTP/1.1" 200 6233 "-" "Mozilla/5.0 (Windows NT 10.0; Win64; x64) AppleWebKit/537.36 Chrome/124.0"
203.0.113.11 - - [01/Jul/2026:09:25:27 +0000] "GET /about HTTP/1.1" 200 5250 "-" "Mozilla/5.0 (X11; Linux x86_64) Gecko/20100101 Firefox/126.0"
203.0.113.10 - - [01/Jul/2026:09:25:30 +0000] "GET /contact HTTP/1.1" 200 1297 "-" "Mozilla/5.0 (X11; Linux x86_64) Gecko/20100101 Firefox/126.0"
203.0.113.12 - - [01/Jul/2026:09:25:48 +0000] "GET /contact HTTP/1.1" 200 4327 "-" "Mozilla/5.0 (X11; Linux x86_64) Gecko/20100101 Firefox/126.0"
203.0.113.14 - - [01/Jul/2026:09:25:50 +0000] "GET /images/logo.png HTTP/1.1" 200 2232 "-" "Mozilla/5.0 (X11; Linux x86_64) Gecko/20100101 Firefox/126.0"
203.0.113.19 - - [01/Jul/2026:09:25:51 +0000] "GET /contact HTTP/1.1" 200 4560 "-" "Mozilla/5.0 (Macintosh; Intel Mac OS X 10_15_7) AppleWebKit/605.1.15 Safari/605.1.15"
203.0.113.4 - - [01/Jul/2026:09:25:55 +0000] "GET /about HTTP/1.1" 200 3258 "-" "Mozilla/5.0 (Windows NT 10.0; Win64; x64) AppleWebKit/537.36 Chrome/124.0"
203.0.113.17 - - [01/Jul/2026:09:37:05 +0000] "GET /blog/post-1 HTTP/1.1" 200 3803 "-" "Mozilla/5.0 (Macintosh; Intel Mac OS X 10_15_7) AppleWebKit/605.1.15 Safari/605.1.15"
203.0.113.6 - - [01/Jul/2026:09:37:06 +0000] "GET /products HTTP/1.1" 200 6086 "-" "Mozilla/5.0 (X11; Linux x86_64) Gecko/20100101 Firefox/126.0"
203.0.113.14 - - [01/Jul/2026:09:37:13 +0000] "GET /about HTTP/1.1" 200 5058 "-" "Mozilla/5.0 (Windows NT 10.0; Win64; x64) AppleWebKit/537.36 Chrome/124.0"
203.0.113.10 - - [01/Jul/2026:09:37:14 +0000] "GET /about HTTP/1.1" 200 7515 "-" "Mozilla/5.0 (Windows NT 10.0; Win64; x64) AppleWebKit/537.36 Chrome/124.0"
203.0.113.2 - - [01/Jul/2026:09:37:22 +0000] "GET / HTTP/1.1" 200 7054 "-" "Mozilla/5.0 (Windows NT 10.0; Win64; x64) AppleWebKit/537.36 Chrome/124.0"
203.0.113.1 - - [01/Jul/2026:09:37:22 +0000] "GET /about HTTP/1.1" 200 4851 "-" "Mozilla/5.0 (X11; Linux x86_64) Gecko/20100101 Firefox/126.0"
203.0.113.6 - - [01/Jul/2026:09:37:39 +0000] "GET /images/logo.png HTTP/1.1" 200 3521 "-" "Mozilla/5.0 (X11; Linux x86_64) Gecko/20100101 Firefox/126.0"
203.0.113.17 - - [01/Jul/2026:09:37:49 +0000] "GET /about HTTP/1.1" 200 3437 "-" "Mozilla/5.0 (X11; Linux x86_64) Gecko/20100101 Firefox/126.0"
203.0.113.3 - - [01/Jul/2026:09:37:53 +0000] "GET /index.html HTTP/1.1" 200 5884 "-" "Mozilla/5.0 (Windows NT 10.0; Win64; x64) AppleWebKit/537.36 Chrome/124.0"
203.0.113.1 - - [01/Jul/2026:09:37:56 +0000] "GET /images/logo.png HTTP/1.1" 200 3939 "-" "Mozilla/5.0 (Windows NT 10.0; Win64; x64) AppleWebKit/537.36 Chrome/124.0"
203.0.113.1 - - [01/Jul/2026:09:37:57 +0000] "GET /about HTTP/1.1" 304 6486 "-" "Mozilla/5.0 (Windows NT 10.0; Win64; x64) AppleWebKit/537.36 Chrome/124.0"
203.0.113.14 - - [01/Jul/2026:09:49:10 +0000] "GET /products HTTP/1.1" 200 3021 "-" "Mozilla/5.0 (X11; Linux x86_64) Gecko/20100101 Firefox/126.0"
203.0.113.16 - - [01/Jul/2026:09:49:13 +0000] "GET /contact HTTP/1.1" 200 6310 "-" "Mozilla/5.0 (X11; Linux x86_64) Gecko/20100101 Firefox/126.0"
203.0.113.1 - - [01/Jul/2026:09:49:22 +0000] "GET /about HTTP/1.1" 200 1954 "-" "Mozilla/5.0 (Macintosh; Intel Mac OS X 10_15_7) AppleWebKit/605.1.15 Safari/605.1.15"
203.0.113.17 - - [01/Jul/2026:09:49:39 +0000] "GET /blog/post-1 HTTP/1.1" 200 1422 "-" "Mozilla/5.0 (Macintosh; Intel Mac OS X 10_15_7) AppleWebKit/605.1.15 Safari/605.1.15"
203.0.113.16 - - [01/Jul/2026:09:49:48 +0000] "GET /index.html HTTP/1.1" 404 1469 "-" "Mozilla/5.0 (Windows NT 10.0; Win64; x64) AppleWebKit/537.36 Chrome/124.0"
203.0.113.11 - - [01/Jul/2026:09:49:53 +0000] "GET /blog/post-1 HTTP/1.1" 200 2711 "-" "Mozilla/5.0 (Macintosh; Intel Mac OS X 10_15_7) AppleWebKit/605.1.15 Safari/605.1.15"
203.0.113.10 - - [01/Jul/2026:09:49:57 +0000] "GET /contact HTTP/1.1" 200 7041 "-" "Mozilla/5.0 (Windows NT 10.0; Win64; x64) AppleWebKit/537.36 Chrome/124.0"
203.0.113.4 - - [01/Jul/2026:10:02:01 +0000] "GET /blog/post-1 HTTP/1.1" 200 2160 "-" "Mozilla/5.0 (Windows NT 10.0; Win64; x64) AppleWebKit/537.36 Chrome/124.0"
203.0.113.3 - - [01/Jul/2026:10:02:09 +0000] "GET /about HTTP/1.1" 200 5266 "-" "Mozilla/5.0 (X11; Linux x86_64) Gecko/20100101 Firefox/126.0"
203.0.113.7 - - [01/Jul/2026:10:02:10 +0000] "GET /images/logo.png HTTP/1.1" 200 543 "-" "Mozilla/5.0 (Windows NT 10.0; Win64; x64) AppleWebKit/537.36 Chrome/124.0"
203.0.113.2 - - [01/Jul/2026:10:02:13 +0000] "GET /index.html HTTP/1.1" 304 5871 "-" "Mozilla/5.0 (Windows NT 10.0; Win64; x64) AppleWebKit/537.36 Chrome/124.0"
203.0.113.10 - - [01/Jul/2026:10:02:16 +0000] "GET / HTTP/1.1" 200 963 "-" "Mozilla/5.0 (X11; Linux x86_64) Gecko/20100101 Firefox/126.0"
203.0.113.10 - - [01/Jul/2026:10:02:35 +0000] "GET /products HTTP/1.1" 404 4648 "-" "Mozilla/5.0 (X11; Linux x86_64) Gecko/20100101 Firefox/126.0"
203.0.113.4 - - [01/Jul/2026:10:02:35 +0000] "GET / HTTP/1.1" 200 1461 "-" "Mozilla/5.0 (Macintosh; Intel Mac OS X 10_15_7) AppleWebKit/605.1.15 Safari/605.1.15"
203.0.113.19 - - [01/Jul/2026:10:02:37 +0000] "GET /blog/post-1 HTTP/1.1" 200 5617 "-" "Mozilla/5.0 (Windows NT 10.0; Win64; x64) AppleWebKit/537.36 Chrome/124.0"
203.0.113.9 - - [01/Jul/2026:10:02:48 +0000] "GET / HTTP/1.1" 200 2496 "-" "Mozilla/5.0 (Windows NT 10.0; Win64; x64) AppleWebKit/537.36 Chrome/124.0"
203.0.113.10 - - [01/Jul/2026:10:02:56 +0000] "GET /images/logo.png HTTP/1.1" 200 1027 "-" "Mozilla/5.0 (Windows NT 10.0; Win64; x64) AppleWebKit/537.36 Chrome/124.0"
203.0.113.19 - - [01/Jul/2026:10:14:02 +0000] "GET /images/logo.png HTTP/1.1" 404 3744 "-" "Mozilla/5.0 (Windows NT 10.0; Win64; x64) AppleWebKit/537.36 Chrome/124.0"
203.0.113.12 - - [01/Jul/2026:10:14:11 +0000] "GET /contact HTTP/1.1" 200 4669 "-" "Mozilla/5.0 (Windows NT 10.0; Win64; x64) AppleWebKit/537.36 Chrome/124.0"
203.0.113.8 - - [01/Jul/2026:10:14:16 +0000] "GET /images/logo.png HTTP/1.1" 200 972 "-" "Mozilla/5.0 (Macintosh; Intel Mac OS X 10_15_7) AppleWebKit/605.1.15 Safari/605.1.15"
203.0.113.10 - - [01/Jul/2026:10:14:23 +0000] "GET /contact HTTP/1.1" 200 1994 "-" "Mozilla/5.0 (Windows NT 10.0; Win64; x64) AppleWebKit/537.36 Chrome/124.0"
203.0.113.14 - - [01/Jul/2026:10:14:27 +0000] "GET /products HTTP/1.1" 200 7276 "-" "Mozilla/5.0 (Macintosh; Intel Mac OS X 10_15_7) AppleWebKit/605.1.15 Safari/605.1.15"
203.0.113.18 - - [01/Jul/2026:10:14:27 +0000] "GET /blog/post-1 HTTP/1.1" 200 6002 "-" "Mozilla/5.0 (Windows NT 10.0; Win64; x64) AppleWebKit/537.36 Chrome/124.0"
203.0.113.4 - - [01/Jul/2026:10:14:35 +0000] "GET /products HTTP/1.1" 200 6758 "-" "Mozilla/5.0 (Windows NT 10.0; Win64; x64) AppleWebKit/537.36 Chrome/124.0"
203.0.113.2 - - [01/Jul/2026:10:14:39 +0000] "GET /contact HTTP/1.1" 200 1548 "-" "Mozilla/5.0 (Windows NT 10.0; Win64; x64) AppleWebKit/537.36 Chrome/124.0"
203.0.113.9 - - [01/Jul/2026:10:14:40 +0000] "GET /images/logo.png HTTP/1.1" 200 5600 "-" "Mozilla/5.0 (X11; Linux x86_64) Gecko/20100101 Firefox/126.0"
203.0.113.15 - - [01/Jul/2026:10:14:45 +0000] "GET /images/logo.png HTTP/1.1" 200 6908 "-" "Mozilla/5.0 (Macintosh; Intel Mac OS X 10_15_7) AppleWebKit/605.1.15 Safari/605.1.15"
203.0.113.8 - - [01/Jul/2026:10:14:46 +0000] "GET /index.html HTTP/1.1" 200 1348 "-" "Mozilla/5.0 (Windows NT 10.0; Win64; x64) AppleWebKit/537.36 Chrome/124.0"
203.0.113.4 - - [01/Jul/2026:10:14:53 +0000] "GET /blog/post-1 HTTP/1.1" 200 6660 "-" "Mozilla/5.0 (X11; Linux x86_64) Gecko/20100101 Firefox/126.0"
203.0.113.11 - - [01/Jul/2026:10:14:54 +0000] "GET /index.html HTTP/1.1" 200 7907 "-" "Mozilla/5.0 (X11; Linux x86_64) Gecko/20100101 Firefox/126.0"
203.0.113.2 - - [01/Jul/2026:10:26:07 +0000] "GET /images/logo.png HTTP/1.1" 304 5597 "-" "Mozilla/5.0 (X11; Linux x86_64) Gecko/20100101 Firefox/126.0"
203.0.113.17 - - [01/Jul/2026:10:26:09 +0000] "GET /products HTTP/1.1" 200 4908 "-" "Mozilla/5.0 (Macintosh; Intel Mac OS X 10_15_7) AppleWebKit/605.1.15 Safari/605.1.15"
203.0.113.6 - - [01/Jul/2026:10:26:12 +0000] "GET / HTTP/1.1" 200 517 "-" "Mozilla/5.0 (X11; Linux x86_64) Gecko/20100101 Firefox/126.0"
203.0.113.19 - - [01/Jul/2026:10:26:27 +0000] "GET /products HTTP/1.1" 200 3217 "-" "Mozilla/5.0 (Macintosh; Intel Mac OS X 10_15_7) AppleWebKit/605.1.15 Safari/605.1.15"
203.0.113.14 - - [01/Jul/2026:10:26:38 +0000] "GET /products HTTP/1.1" 200 5880 "-" "Mozilla/5.0 (Windows NT 10.0; Win64; x64) AppleWebKit/537.36 Chrome/124.0"
203.0.113.10 - - [01/Jul/2026:10:26:45 +0000] "GET /blog/post-1 HTTP/1.1" 404 698 "-" "Mozilla/5.0 (Macintosh; Intel Mac OS X 10_15_7) AppleWebKit/605.1.15 Safari/605.1.15"
203.0.113.8 - - [01/Jul/2026:10:26:47 +0000] "GET /images/logo.png HTTP/1.1" 304 3064 "-" "Mozilla/5.0 (Windows NT 10.0; Win64; x64) AppleWebKit/537.36 Chrome/124.0"
203.0.113.4 - - [01/Jul/2026:10:26:53 +0000] "GET /contact HTTP/1.1" 200 7562 "-" "Mozilla/5.0 (Macintosh; Intel Mac OS X 10_15_7) AppleWebKit/605.1.15 Safari/605.1.15"
203.0.113.18 - - [01/Jul/2026:10:26:54 +0000] "GET /products HTTP/1.1" 200 1732 "-" "Mozilla/5.0 (Windows NT 10.0; Win64; x64) AppleWebKit/537.36 Chrome/124.0"
203.0.113.16 - - [01/Jul/2026:10:26:59 +0000] "GET /blog/post-1 HTTP/1.1" 200 6558 "-" "Mozilla/5.0 (Macintosh; Intel Mac OS X 10_15_7) AppleWebKit/605.1.15 Safari/605.1.15"
203.0.113.14 - - [01/Jul/2026:10:38:01 +0000] "GET /blog/post-1 HTTP/1.1" 304 7426 "-" "Mozilla/5.0 (Windows NT 10.0; Win64; x64) AppleWebKit/537.36 Chrome/124.0"
203.0.113.7 - - [01/Jul/2026:10:38:07 +0000] "GET /products HTTP/1.1" 200 4645 "-" "Mozilla/5.0 (Windows NT 10.0; Win64; x64) AppleWebKit/537.36 Chrome/124.0"
203.0.113.9 - - [01/Jul/2026:10:38:10 +0000] "GET /about HTTP/1.1" 200 4274 "-" "Mozilla/5.0 (Macintosh; Intel Mac OS X 10_15_7) AppleWebKit/605.1.15 Safari/605.1.15"
203.0.113.17 - - [01/Jul/2026:10:38:11 +0000] "GET / HTTP/1.1" 200 981 "-" "Mozilla/5.0 (Macintosh; Intel Mac OS X 10_15_7) AppleWebKit/605.1.15 Safari/605.1.15"
203.0.113.6 - - [01/Jul/2026:10:38:25 +0000] "GET / HTTP/1.1" 200 2251 "-" "Mozilla/5.0 (Macintosh; Intel Mac OS X 10_15_7) AppleWebKit/605.1.15 Safari/605.1.15"
203.0.113.5 - - [01/Jul/2026:10:38:27 +0000] "GET /about HTTP/1.1" 304 255 "-" "Mozilla/5.0 (Macintosh; Intel Mac OS X 10_15_7) AppleWebKit/605.1.15 Safari/605.1.15"
203.0.113.12 - - [01/Jul/2026:10:38:35 +0000] "GET /blog/post-1 HTTP/1.1" 200 3446 "-" "Mozilla/5.0 (X11; Linux x86_64) Gecko/20100101 Firefox/126.0"
203.0.113.14 - - [01/Jul/2026:10:38:41 +0000] "GET /index.html HTTP/1.1" 200 3390 "-" "Mozilla/5.0 (Windows NT 10.0; Win64; x64) AppleWebKit/537.36 Chrome/124.0"
203.0.113.6 - - [01/Jul/2026:10:38:42 +0000] "GET /products HTTP/1.1" 200 2085 "-" "Mozilla/5.0 (Windows NT 10.0; Win64; x64) AppleWebKit/537.36 Chrome/124.0"
203.0.113.19 - - [01/Jul/2026:10:38:47 +0000] "GET /products HTTP/1.1" 200 3081 "-" "Mozilla/5.0 (Macintosh; Intel Mac OS X 10_15_7) AppleWebKit/605.1.15 Safari/605.1.15"
203.0.113.13 - - [01/Jul/2026:10:38:48 +0000] "GET /products HTTP/1.1" 200 2900 "-" "Mozilla/5.0 (Windows NT 10.0; Win64; x64) AppleWebKit/537.36 Chrome/124.0"
203.0.113.8 - - [01/Jul/2026:10:38:59 +0000] "GET /blog/post-1 HTTP/1.1" 200 979 "-" "Mozilla/5.0 (Macintosh; Intel Mac OS X 10_15_7) AppleWebKit/605.1.15 Safari/605.1.15"
203.0.113.13 - - [01/Jul/2026:10:50:03 +0000] "GET /images/logo.png HTTP/1.1" 200 2174 "-" "Mozilla/5.0 (Windows NT 10.0; Win64; x64) AppleWebKit/537.36 Chrome/124.0"
203.0.113.8 - - [01/Jul/2026:10:50:14 +0000] "GET /blog/post-1 HTTP/1.1" 200 1179 "-" "Mozilla/5.0 (Windows NT 10.0; Win64; x64) AppleWebKit/537.36 Chrome/124.0"
203.0.113.10 - - [01/Jul/2026:10:50:22 +0000] "GET /index.html HTTP/1.1" 200 7693 "-" "Mozilla/5.0 (X11; Linux x86_64) Gecko/20100101 Firefox/126.0"
203.0.113.18 - - [01/Jul/2026:10:50:30 +0000] "GET /products HTTP/1.1" 200 1298 "-" "Mozilla/5.0 (Macintosh; Intel Mac OS X 10_15_7) AppleWebKit/605.1.15 Safari/605.1.15"
203.0.113.2 - - [01/Jul/2026:10:50:35 +0000] "GET /about HTTP/1.1" 200 5262 "-" "Mozilla/5.0 (X11; Linux x86_64) Gecko/20100101 Firefox/126.0"
203.0.113.13 - - [01/Jul/2026:10:50:48 +0000] "GET /index.html HTTP/1.1" 200 5875 "-" "Mozilla/5.0 (Windows NT 10.0; Win64; x64) AppleWebKit/537.36 Chrome/124.0"
203.0.113.6 - - [01/Jul/2026:10:50:53 +0000] "GET /index.html HTTP/1.1" 200 2465 "-" "Mozilla/5.0 (Windows NT 10.0; Win64; x64) AppleWebKit/537.36 Chrome/124.0"
203.0.113.8 - - [01/Jul/2026:10:50:59 +0000] "GET /index.html HTTP/1.1" 200 847 "-" "Mozilla/5.0 (Macintosh; Intel Mac OS X 10_15_7) AppleWebKit/605.1.15 Safari/605.1.15"
198.51.100.100 - - [01/Jul/2026:11:00:00 +0000] "GET /wp-login.php HTTP/1.1" 403 300 "-" "python-requests/2.31.0"
198.51.100.101 - - [01/Jul/2026:11:02:00 +0000] "GET /phpmyadmin HTTP/1.1" 403 300 "-" "-"
203.0.113.9 - - [01/Jul/2026:11:03:10 +0000] "GET /images/logo.png HTTP/1.1" 200 2543 "-" "Mozilla/5.0 (Windows NT 10.0; Win64; x64) AppleWebKit/537.36 Chrome/124.0"
203.0.113.10 - - [01/Jul/2026:11:03:11 +0000] "GET /blog/post-1 HTTP/1.1" 200 7038 "-" "Mozilla/5.0 (X11; Linux x86_64) Gecko/20100101 Firefox/126.0"
203.0.113.9 - - [01/Jul/2026:11:03:25 +0000] "GET /blog/post-1 HTTP/1.1" 200 1532 "-" "Mozilla/5.0 (Macintosh; Intel Mac OS X 10_15_7) AppleWebKit/605.1.15 Safari/605.1.15"
203.0.113.19 - - [01/Jul/2026:11:03:27 +0000] "GET / HTTP/1.1" 200 7166 "-" "Mozilla/5.0 (X11; Linux x86_64) Gecko/20100101 Firefox/126.0"
203.0.113.2 - - [01/Jul/2026:11:03:37 +0000] "GET /about HTTP/1.1" 200 6748 "-" "Mozilla/5.0 (X11; Linux x86_64) Gecko/20100101 Firefox/126.0"
203.0.113.16 - - [01/Jul/2026:11:03:46 +0000] "GET /products HTTP/1.1" 200 3342 "-" "Mozilla/5.0 (Windows NT 10.0; Win64; x64) AppleWebKit/537.36 Chrome/124.0"
203.0.113.1 - - [01/Jul/2026:11:03:52 +0000] "GET /contact HTTP/1.1" 200 6923 "-" "Mozilla/5.0 (Windows NT 10.0; Win64; x64) AppleWebKit/537.36 Chrome/124.0"
203.0.113.12 - - [01/Jul/2026:11:03:53 +0000] "GET /blog/post-1 HTTP/1.1" 200 7873 "-" "Mozilla/5.0 (Windows NT 10.0; Win64; x64) AppleWebKit/537.36 Chrome/124.0"
198.51.100.102 - - [01/Jul/2026:11:04:00 +0000] "GET /.env HTTP/1.1" 403 300 "-" "Mozilla/5.0 (compatible; Nmap Scripting Engine)"
198.51.100.103 - - [01/Jul/2026:11:06:00 +0000] "GET /wp-login.php HTTP/1.1" 403 300 "-" "Mozilla/5.0 (compatible; Nmap Scripting Engine)"
198.51.100.104 - - [01/Jul/2026:11:08:00 +0000] "GET /wp-login.php HTTP/1.1" 403 300 "-" "Mozilla/5.0 (compatible; Nmap Scripting Engine)"
198.51.100.105 - - [01/Jul/2026:11:10:00 +0000] "GET /wp-admin HTTP/1.1" 403 300 "-" "sqlmap/1.7.2#stable (http://sqlmap.org)"
198.51.100.106 - - [01/Jul/2026:11:12:00 +0000] "GET /admin HTTP/1.1" 403 300 "-" "Mozilla/5.0 (compatible; Nmap Scripting Engine)"
198.51.100.107 - - [01/Jul/2026:11:14:00 +0000] "GET /login HTTP/1.1" 403 300 "-" "Mozilla/5.0 (compatible; Nmap Scripting Engine)"
203.0.113.16 - - [01/Jul/2026:11:15:16 +0000] "GET /blog/post-1 HTTP/1.1" 200 2269 "-" "Mozilla/5.0 (Windows NT 10.0; Win64; x64) AppleWebKit/537.36 Chrome/124.0"
203.0.113.6 - - [01/Jul/2026:11:15:18 +0000] "GET /products HTTP/1.1" 200 7763 "-" "Mozilla/5.0 (Macintosh; Intel Mac OS X 10_15_7) AppleWebKit/605.1.15 Safari/605.1.15"
203.0.113.2 - - [01/Jul/2026:11:15:26 +0000] "GET /about HTTP/1.1" 200 938 "-" "Mozilla/5.0 (X11; Linux x86_64) Gecko/20100101 Firefox/126.0"
203.0.113.15 - - [01/Jul/2026:11:15:27 +0000] "GET / HTTP/1.1" 200 4628 "-" "Mozilla/5.0 (X11; Linux x86_64) Gecko/20100101 Firefox/126.0"
203.0.113.14 - - [01/Jul/2026:11:15:30 +0000] "GET / HTTP/1.1" 200 5098 "-" "Mozilla/5.0 (Macintosh; Intel Mac OS X 10_15_7) AppleWebKit/605.1.15 Safari/605.1.15"
203.0.113.3 - - [01/Jul/2026:11:15:32 +0000] "GET /index.html HTTP/1.1" 200 4143 "-" "Mozilla/5.0 (Windows NT 10.0; Win64; x64) AppleWebKit/537.36 Chrome/124.0"
203.0.113.10 - - [01/Jul/2026:11:15:32 +0000] "GET /about HTTP/1.1" 200 4712 "-" "Mozilla/5.0 (Windows NT 10.0; Win64; x64) AppleWebKit/537.36 Chrome/124.0"
203.0.113.11 - - [01/Jul/2026:11:15:49 +0000] "GET /products HTTP/1.1" 200 1282 "-" "Mozilla/5.0 (X11; Linux x86_64) Gecko/20100101 Firefox/126.0"
203.0.113.13 - - [01/Jul/2026:11:15:50 +0000] "GET /index.html HTTP/1.1" 200 3398 "-" "Mozilla/5.0 (Windows NT 10.0; Win64; x64) AppleWebKit/537.36 Chrome/124.0"
203.0.113.5 - - [01/Jul/2026:11:15:54 +0000] "GET /about HTTP/1.1" 200 965 "-" "Mozilla/5.0 (X11; Linux x86_64) Gecko/20100101 Firefox/126.0"
198.51.100.108 - - [01/Jul/2026:11:16:00 +0000] "GET /.env HTTP/1.1" 403 300 "-" "sqlmap/1.7.2#stable (http://sqlmap.org)"
198.51.100.109 - - [01/Jul/2026:11:18:00 +0000] "GET /phpmyadmin HTTP/1.1" 403 300 "-" "-"
203.0.113.8 - - [01/Jul/2026:11:27:11 +0000] "GET / HTTP/1.1" 200 3464 "-" "Mozilla/5.0 (Windows NT 10.0; Win64; x64) AppleWebKit/537.36 Chrome/124.0"
203.0.113.2 - - [01/Jul/2026:11:27:18 +0000] "GET /products HTTP/1.1" 200 5352 "-" "Mozilla/5.0 (X11; Linux x86_64) Gecko/20100101 Firefox/126.0"
203.0.113.15 - - [01/Jul/2026:11:27:19 +0000] "GET / HTTP/1.1" 200 7997 "-" "Mozilla/5.0 (X11; Linux x86_64) Gecko/20100101 Firefox/126.0"
203.0.113.13 - - [01/Jul/2026:11:27:20 +0000] "GET /blog/post-1 HTTP/1.1" 200 6035 "-" "Mozilla/5.0 (Macintosh; Intel Mac OS X 10_15_7) AppleWebKit/605.1.15 Safari/605.1.15"
203.0.113.16 - - [01/Jul/2026:11:27:24 +0000] "GET /index.html HTTP/1.1" 200 4800 "-" "Mozilla/5.0 (Windows NT 10.0; Win64; x64) AppleWebKit/537.36 Chrome/124.0"
203.0.113.9 - - [01/Jul/2026:11:27:37 +0000] "GET /images/logo.png HTTP/1.1" 200 5455 "-" "Mozilla/5.0 (Windows NT 10.0; Win64; x64) AppleWebKit/537.36 Chrome/124.0"
203.0.113.5 - - [01/Jul/2026:11:27:47 +0000] "GET /index.html HTTP/1.1" 200 7967 "-" "Mozilla/5.0 (X11; Linux x86_64) Gecko/20100101 Firefox/126.0"
203.0.113.3 - - [01/Jul/2026:11:27:53 +0000] "GET /about HTTP/1.1" 200 738 "-" "Mozilla/5.0 (Windows NT 10.0; Win64; x64) AppleWebKit/537.36 Chrome/124.0"
203.0.113.7 - - [01/Jul/2026:11:27:59 +0000] "GET /products HTTP/1.1" 200 1440 "-" "Mozilla/5.0 (Windows NT 10.0; Win64; x64) AppleWebKit/537.36 Chrome/124.0"
203.0.113.7 - - [01/Jul/2026:11:39:04 +0000] "GET / HTTP/1.1" 200 2052 "-" "Mozilla/5.0 (Macintosh; Intel Mac OS X 10_15_7) AppleWebKit/605.1.15 Safari/605.1.15"
203.0.113.13 - - [01/Jul/2026:11:39:11 +0000] "GET /contact HTTP/1.1" 200 4673 "-" "Mozilla/5.0 (Macintosh; Intel Mac OS X 10_15_7) AppleWebKit/605.1.15 Safari/605.1.15"
203.0.113.19 - - [01/Jul/2026:11:39:12 +0000] "GET /contact HTTP/1.1" 200 5554 "-" "Mozilla/5.0 (X11; Linux x86_64) Gecko/20100101 Firefox/126.0"
203.0.113.18 - - [01/Jul/2026:11:39:19 +0000] "GET /images/logo.png HTTP/1.1" 200 3452 "-" "Mozilla/5.0 (X11; Linux x86_64) Gecko/20100101 Firefox/126.0"
203.0.113.14 - - [01/Jul/2026:11:39:26 +0000] "GET /products HTTP/1.1" 304 7262 "-" "Mozilla/5.0 (Windows NT 10.0; Win64; x64) AppleWebKit/537.36 Chrome/124.0"
203.0.113.16 - - [01/Jul/2026:11:39:30 +0000] "GET /about HTTP/1.1" 200 437 "-" "Mozilla/5.0 (Windows NT 10.0; Win64; x64) AppleWebKit/537.36 Chrome/124.0"
203.0.113.8 - - [01/Jul/2026:11:39:40 +0000] "GET /blog/post-1 HTTP/1.1" 200 2713 "-" "Mozilla/5.0 (Windows NT 10.0; Win64; x64) AppleWebKit/537.36 Chrome/124.0"
203.0.113.15 - - [01/Jul/2026:11:39:42 +0000] "GET / HTTP/1.1" 200 6893 "-" "Mozilla/5.0 (Windows NT 10.0; Win64; x64) AppleWebKit/537.36 Chrome/124.0"
203.0.113.19 - - [01/Jul/2026:11:39:51 +0000] "GET /contact HTTP/1.1" 200 5444 "-" "Mozilla/5.0 (Macintosh; Intel Mac OS X 10_15_7) AppleWebKit/605.1.15 Safari/605.1.15"
203.0.113.14 - - [01/Jul/2026:11:39:54 +0000] "GET /index.html HTTP/1.1" 200 2075 "-" "Mozilla/5.0 (X11; Linux x86_64) Gecko/20100101 Firefox/126.0"
203.0.113.13 - - [01/Jul/2026:11:39:55 +0000] "GET /contact HTTP/1.1" 304 7472 "-" "Mozilla/5.0 (X11; Linux x86_64) Gecko/20100101 Firefox/126.0"
203.0.113.11 - - [01/Jul/2026:11:39:59 +0000] "GET /blog/post-1 HTTP/1.1" 200 6132 "-" "Mozilla/5.0 (X11; Linux x86_64) Gecko/20100101 Firefox/126.0"
203.0.113.15 - - [01/Jul/2026:11:51:03 +0000] "GET /products HTTP/1.1" 200 6094 "-" "Mozilla/5.0 (Windows NT 10.0; Win64; x64) AppleWebKit/537.36 Chrome/124.0"
203.0.113.15 - - [01/Jul/2026:11:51:23 +0000] "GET /about HTTP/1.1" 200 6620 "-" "Mozilla/5.0 (X11; Linux x86_64) Gecko/20100101 Firefox/126.0"
203.0.113.10 - - [01/Jul/2026:11:51:31 +0000] "GET /images/logo.png HTTP/1.1" 200 2063 "-" "Mozilla/5.0 (Windows NT 10.0; Win64; x64) AppleWebKit/537.36 Chrome/124.0"
203.0.113.12 - - [01/Jul/2026:11:51:32 +0000] "GET /contact HTTP/1.1" 200 1760 "-" "Mozilla/5.0 (Windows NT 10.0; Win64; x64) AppleWebKit/537.36 Chrome/124.0"
203.0.113.9 - - [01/Jul/2026:11:51:40 +0000] "GET /blog/post-1 HTTP/1.1" 200 523 "-" "Mozilla/5.0 (Macintosh; Intel Mac OS X 10_15_7) AppleWebKit/605.1.15 Safari/605.1.15"
203.0.113.7 - - [01/Jul/2026:11:51:49 +0000] "GET /blog/post-1 HTTP/1.1" 200 1977 "-" "Mozilla/5.0 (X11; Linux x86_64) Gecko/20100101 Firefox/126.0"
203.0.113.8 - - [01/Jul/2026:11:51:56 +0000] "GET /index.html HTTP/1.1" 200 6824 "-" "Mozilla/5.0 (X11; Linux x86_64) Gecko/20100101 Firefox/126.0"
203.0.113.6 - - [01/Jul/2026:11:51:59 +0000] "GET / HTTP/1.1" 200 1236 "-" "Mozilla/5.0 (Macintosh; Intel Mac OS X 10_15_7) AppleWebKit/605.1.15 Safari/605.1.15"
203.0.113.6 - - [01/Jul/2026:12:04:02 +0000] "GET /blog/post-1 HTTP/1.1" 200 3986 "-" "Mozilla/5.0 (X11; Linux x86_64) Gecko/20100101 Firefox/126.0"
203.0.113.17 - - [01/Jul/2026:12:04:03 +0000] "GET /index.html HTTP/1.1" 200 2463 "-" "Mozilla/5.0 (X11; Linux x86_64) Gecko/20100101 Firefox/126.0"
203.0.113.14 - - [01/Jul/2026:12:04:05 +0000] "GET /blog/post-1 HTTP/1.1" 200 3367 "-" "Mozilla/5.0 (Macintosh; Intel Mac OS X 10_15_7) AppleWebKit/605.1.15 Safari/605.1.15"
203.0.113.3 - - [01/Jul/2026:12:04:22 +0000] "GET /index.html HTTP/1.1" 200 4842 "-" "Mozilla/5.0 (Macintosh; Intel Mac OS X 10_15_7) AppleWebKit/605.1.15 Safari/605.1.15"
203.0.113.9 - - [01/Jul/2026:12:04:31 +0000] "GET /blog/post-1 HTTP/1.1" 200 5808 "-" "Mozilla/5.0 (X11; Linux x86_64) Gecko/20100101 Firefox/126.0"
203.0.113.6 - - [01/Jul/2026:12:04:31 +0000] "GET /blog/post-1 HTTP/1.1" 200 7771 "-" "Mozilla/5.0 (Macintosh; Intel Mac OS X 10_15_7) AppleWebKit/605.1.15 Safari/605.1.15"
203.0.113.11 - - [01/Jul/2026:12:04:34 +0000] "GET /about HTTP/1.1" 200 2517 "-" "Mozilla/5.0 (X11; Linux x86_64) Gecko/20100101 Firefox/126.0"
203.0.113.18 - - [01/Jul/2026:12:04:51 +0000] "GET /products HTTP/1.1" 200 1346 "-" "Mozilla/5.0 (Macintosh; Intel Mac OS X 10_15_7) AppleWebKit/605.1.15 Safari/605.1.15"
203.0.113.2 - - [01/Jul/2026:12:04:56 +0000] "GET /images/logo.png HTTP/1.1" 200 2784 "-" "Mozilla/5.0 (Windows NT 10.0; Win64; x64) AppleWebKit/537.36 Chrome/124.0"
203.0.113.19 - - [01/Jul/2026:12:04:58 +0000] "GET /blog/post-1 HTTP/1.1" 200 1417 "-" "Mozilla/5.0 (X11; Linux x86_64) Gecko/20100101 Firefox/126.0"
203.0.113.19 - - [01/Jul/2026:12:16:05 +0000] "GET /contact HTTP/1.1" 200 7739 "-" "Mozilla/5.0 (Macintosh; Intel Mac OS X 10_15_7) AppleWebKit/605.1.15 Safari/605.1.15"
203.0.113.15 - - [01/Jul/2026:12:16:11 +0000] "GET /products HTTP/1.1" 200 6184 "-" "Mozilla/5.0 (Macintosh; Intel Mac OS X 10_15_7) AppleWebKit/605.1.15 Safari/605.1.15"
203.0.113.12 - - [01/Jul/2026:12:16:28 +0000] "GET /contact HTTP/1.1" 304 7003 "-" "Mozilla/5.0 (X11; Linux x86_64) Gecko/20100101 Firefox/126.0"
203.0.113.6 - - [01/Jul/2026:12:16:31 +0000] "GET /contact HTTP/1.1" 200 5596 "-" "Mozilla/5.0 (X11; Linux x86_64) Gecko/20100101 Firefox/126.0"
203.0.113.18 - - [01/Jul/2026:12:16:36 +0000] "GET /images/logo.png HTTP/1.1" 404 5947 "-" "Mozilla/5.0 (Windows NT 10.0; Win64; x64) AppleWebKit/537.36 Chrome/124.0"
203.0.113.9 - - [01/Jul/2026:12:16:43 +0000] "GET /images/logo.png HTTP/1.1" 200 7330 "-" "Mozilla/5.0 (Macintosh; Intel Mac OS X 10_15_7) AppleWebKit/605.1.15 Safari/605.1.15"
203.0.113.16 - - [01/Jul/2026:12:16:51 +0000] "GET /index.html HTTP/1.1" 200 679 "-" "Mozilla/5.0 (Windows NT 10.0; Win64; x64) AppleWebKit/537.36 Chrome/124.0"
203.0.113.19 - - [01/Jul/2026:12:16:57 +0000] "GET /images/logo.png HTTP/1.1" 200 865 "-" "Mozilla/5.0 (Windows NT 10.0; Win64; x64) AppleWebKit/537.36 Chrome/124.0"
203.0.113.16 - - [01/Jul/2026:12:28:01 +0000] "GET /blog/post-1 HTTP/1.1" 200 6017 "-" "Mozilla/5.0 (Macintosh; Intel Mac OS X 10_15_7) AppleWebKit/605.1.15 Safari/605.1.15"
203.0.113.9 - - [01/Jul/2026:12:28:06 +0000] "GET /blog/post-1 HTTP/1.1" 200 6033 "-" "Mozilla/5.0 (X11; Linux x86_64) Gecko/20100101 Firefox/126.0"
203.0.113.13 - - [01/Jul/2026:12:28:14 +0000] "GET /images/logo.png HTTP/1.1" 200 7894 "-" "Mozilla/5.0 (X11; Linux x86_64) Gecko/20100101 Firefox/126.0"
203.0.113.4 - - [01/Jul/2026:12:28:20 +0000] "GET /index.html HTTP/1.1" 200 2374 "-" "Mozilla/5.0 (Macintosh; Intel Mac OS X 10_15_7) AppleWebKit/605.1.15 Safari/605.1.15"
203.0.113.4 - - [01/Jul/2026:12:28:27 +0000] "GET /products HTTP/1.1" 200 6642 "-" "Mozilla/5.0 (X11; Linux x86_64) Gecko/20100101 Firefox/126.0"
203.0.113.7 - - [01/Jul/2026:12:28:30 +0000] "GET /contact HTTP/1.1" 200 7740 "-" "Mozilla/5.0 (Macintosh; Intel Mac OS X 10_15_7) AppleWebKit/605.1.15 Safari/605.1.15"
203.0.113.13 - - [01/Jul/2026:12:28:31 +0000] "GET /contact HTTP/1.1" 200 4341 "-" "Mozilla/5.0 (X11; Linux x86_64) Gecko/20100101 Firefox/126.0"
203.0.113.16 - - [01/Jul/2026:12:28:34 +0000] "GET / HTTP/1.1" 200 6719 "-" "Mozilla/5.0 (Windows NT 10.0; Win64; x64) AppleWebKit/537.36 Chrome/124.0"
203.0.113.14 - - [01/Jul/2026:12:28:52 +0000] "GET /contact HTTP/1.1" 200 7568 "-" "Mozilla/5.0 (X11; Linux x86_64) Gecko/20100101 Firefox/126.0"
203.0.113.10 - - [01/Jul/2026:12:28:53 +0000] "GET /about HTTP/1.1" 200 2564 "-" "Mozilla/5.0 (Windows NT 10.0; Win64; x64) AppleWebKit/537.36 Chrome/124.0"
203.0.113.15 - - [01/Jul/2026:12:40:14 +0000] "GET /contact HTTP/1.1" 200 7629 "-" "Mozilla/5.0 (Windows NT 10.0; Win64; x64) AppleWebKit/537.36 Chrome/124.0"
203.0.113.4 - - [01/Jul/2026:12:40:19 +0000] "GET /about HTTP/1.1" 200 2009 "-" "Mozilla/5.0 (X11; Linux x86_64) Gecko/20100101 Firefox/126.0"
203.0.113.10 - - [01/Jul/2026:12:40:22 +0000] "GET /products HTTP/1.1" 200 2860 "-" "Mozilla/5.0 (Windows NT 10.0; Win64; x64) AppleWebKit/537.36 Chrome/124.0"
203.0.113.3 - - [01/Jul/2026:12:40:23 +0000] "GET /images/logo.png HTTP/1.1" 200 2766 "-" "Mozilla/5.0 (X11; Linux x86_64) Gecko/20100101 Firefox/126.0"
203.0.113.15 - - [01/Jul/2026:12:40:37 +0000] "GET /about HTTP/1.1" 200 7118 "-" "Mozilla/5.0 (X11; Linux x86_64) Gecko/20100101 Firefox/126.0"
203.0.113.5 - - [01/Jul/2026:12:40:38 +0000] "GET /index.html HTTP/1.1" 200 5162 "-" "Mozilla/5.0 (Macintosh; Intel Mac OS X 10_15_7) AppleWebKit/605.1.15 Safari/605.1.15"
203.0.113.19 - - [01/Jul/2026:12:40:44 +0000] "GET /blog/post-1 HTTP/1.1" 200 5465 "-" "Mozilla/5.0 (X11; Linux x86_64) Gecko/20100101 Firefox/126.0"
203.0.113.8 - - [01/Jul/2026:12:40:48 +0000] "GET /contact HTTP/1.1" 200 844 "-" "Mozilla/5.0 (Macintosh; Intel Mac OS X 10_15_7) AppleWebKit/605.1.15 Safari/605.1.15"
203.0.113.10 - - [01/Jul/2026:12:40:51 +0000] "GET /products HTTP/1.1" 200 6369 "-" "Mozilla/5.0 (Windows NT 10.0; Win64; x64) AppleWebKit/537.36 Chrome/124.0"
203.0.113.2 - - [01/Jul/2026:12:52:21 +0000] "GET /contact HTTP/1.1" 200 7933 "-" "Mozilla/5.0 (Windows NT 10.0; Win64; x64) AppleWebKit/537.36 Chrome/124.0"
203.0.113.7 - - [01/Jul/2026:12:52:24 +0000] "GET /about HTTP/1.1" 404 325 "-" "Mozilla/5.0 (Macintosh; Intel Mac OS X 10_15_7) AppleWebKit/605.1.15 Safari/605.1.15"
203.0.113.7 - - [01/Jul/2026:12:52:31 +0000] "GET /blog/post-1 HTTP/1.1" 304 3809 "-" "Mozilla/5.0 (Macintosh; Intel Mac OS X 10_15_7) AppleWebKit/605.1.15 Safari/605.1.15"
203.0.113.16 - - [01/Jul/2026:12:52:34 +0000] "GET /images/logo.png HTTP/1.1" 200 2529 "-" "Mozilla/5.0 (Windows NT 10.0; Win64; x64) AppleWebKit/537.36 Chrome/124.0"
203.0.113.7 - - [01/Jul/2026:12:52:42 +0000] "GET / HTTP/1.1" 200 6379 "-" "Mozilla/5.0 (X11; Linux x86_64) Gecko/20100101 Firefox/126.0"
203.0.113.17 - - [01/Jul/2026:13:05:01 +0000] "GET /about HTTP/1.1" 200 3780 "-" "Mozilla/5.0 (X11; Linux x86_64) Gecko/20100101 Firefox/126.0"
203.0.113.9 - - [01/Jul/2026:13:05:09 +0000] "GET /blog/post-1 HTTP/1.1" 200 3727 "-" "Mozilla/5.0 (Windows NT 10.0; Win64; x64) AppleWebKit/537.36 Chrome/124.0"
203.0.113.3 - - [01/Jul/2026:13:05:20 +0000] "GET /contact HTTP/1.1" 200 5079 "-" "Mozilla/5.0 (Macintosh; Intel Mac OS X 10_15_7) AppleWebKit/605.1.15 Safari/605.1.15"
203.0.113.18 - - [01/Jul/2026:13:05:25 +0000] "GET /about HTTP/1.1" 200 2886 "-" "Mozilla/5.0 (Macintosh; Intel Mac OS X 10_15_7) AppleWebKit/605.1.15 Safari/605.1.15"
203.0.113.9 - - [01/Jul/2026:13:05:26 +0000] "GET /index.html HTTP/1.1" 304 4846 "-" "Mozilla/5.0 (Windows NT 10.0; Win64; x64) AppleWebKit/537.36 Chrome/124.0"
203.0.113.18 - - [01/Jul/2026:13:05:31 +0000] "GET /about HTTP/1.1" 200 6449 "-" "Mozilla/5.0 (Macintosh; Intel Mac OS X 10_15_7) AppleWebKit/605.1.15 Safari/605.1.15"
203.0.113.10 - - [01/Jul/2026:13:05:48 +0000] "GET /contact HTTP/1.1" 200 1565 "-" "Mozilla/5.0 (Macintosh; Intel Mac OS X 10_15_7) AppleWebKit/605.1.15 Safari/605.1.15"
203.0.113.11 - - [01/Jul/2026:13:05:50 +0000] "GET /blog/post-1 HTTP/1.1" 200 3890 "-" "Mozilla/5.0 (Windows NT 10.0; Win64; x64) AppleWebKit/537.36 Chrome/124.0"
203.0.113.7 - - [01/Jul/2026:13:05:51 +0000] "GET /products HTTP/1.1" 200 7691 "-" "Mozilla/5.0 (X11; Linux x86_64) Gecko/20100101 Firefox/126.0"
203.0.113.19 - - [01/Jul/2026:13:17:04 +0000] "GET /blog/post-1 HTTP/1.1" 200 4886 "-" "Mozilla/5.0 (Macintosh; Intel Mac OS X 10_15_7) AppleWebKit/605.1.15 Safari/605.1.15"
203.0.113.4 - - [01/Jul/2026:13:17:09 +0000] "GET / HTTP/1.1" 200 2048 "-" "Mozilla/5.0 (Macintosh; Intel Mac OS X 10_15_7) AppleWebKit/605.1.15 Safari/605.1.15"
203.0.113.3 - - [01/Jul/2026:13:17:15 +0000] "GET /images/logo.png HTTP/1.1" 200 5645 "-" "Mozilla/5.0 (Windows NT 10.0; Win64; x64) AppleWebKit/537.36 Chrome/124.0"
203.0.113.2 - - [01/Jul/2026:13:17:30 +0000] "GET /about HTTP/1.1" 200 4985 "-" "Mozilla/5.0 (X11; Linux x86_64) Gecko/20100101 Firefox/126.0"
203.0.113.1 - - [01/Jul/2026:13:17:35 +0000] "GET /blog/post-1 HTTP/1.1" 200 5458 "-" "Mozilla/5.0 (Macintosh; Intel Mac OS X 10_15_7) AppleWebKit/605.1.15 Safari/605.1.15"
203.0.113.18 - - [01/Jul/2026:13:17:39 +0000] "GET / HTTP/1.1" 200 314 "-" "Mozilla/5.0 (Macintosh; Intel Mac OS X 10_15_7) AppleWebKit/605.1.15 Safari/605.1.15"
203.0.113.6 - - [01/Jul/2026:13:17:42 +0000] "GET /contact HTTP/1.1" 200 5484 "-" "Mozilla/5.0 (X11; Linux x86_64) Gecko/20100101 Firefox/126.0"
203.0.113.16 - - [01/Jul/2026:13:17:59 +0000] "GET /images/logo.png HTTP/1.1" 200 3526 "-" "Mozilla/5.0 (Windows NT 10.0; Win64; x64) AppleWebKit/537.36 Chrome/124.0"
203.0.113.4 - - [01/Jul/2026:13:29:03 +0000] "GET / HTTP/1.1" 200 5532 "-" "Mozilla/5.0 (X11; Linux x86_64) Gecko/20100101 Firefox/126.0"
203.0.113.2 - - [01/Jul/2026:13:29:05 +0000] "GET /index.html HTTP/1.1" 200 4794 "-" "Mozilla/5.0 (X11; Linux x86_64) Gecko/20100101 Firefox/126.0"
203.0.113.15 - - [01/Jul/2026:13:29:08 +0000] "GET /blog/post-1 HTTP/1.1" 200 4257 "-" "Mozilla/5.0 (X11; Linux x86_64) Gecko/20100101 Firefox/126.0"
203.0.113.9 - - [01/Jul/2026:13:29:09 +0000] "GET /blog/post-1 HTTP/1.1" 200 4459 "-" "Mozilla/5.0 (Windows NT 10.0; Win64; x64) AppleWebKit/537.36 Chrome/124.0"
203.0.113.16 - - [01/Jul/2026:13:29:30 +0000] "GET /products HTTP/1.1" 200 1618 "-" "Mozilla/5.0 (X11; Linux x86_64) Gecko/20100101 Firefox/126.0"
203.0.113.7 - - [01/Jul/2026:13:29:43 +0000] "GET /products HTTP/1.1" 200 3589 "-" "Mozilla/5.0 (Macintosh; Intel Mac OS X 10_15_7) AppleWebKit/605.1.15 Safari/605.1.15"
203.0.113.7 - - [01/Jul/2026:13:29:48 +0000] "GET /products HTTP/1.1" 200 5641 "-" "Mozilla/5.0 (Macintosh; Intel Mac OS X 10_15_7) AppleWebKit/605.1.15 Safari/605.1.15"
203.0.113.17 - - [01/Jul/2026:13:29:48 +0000] "GET /contact HTTP/1.1" 200 6549 "-" "Mozilla/5.0 (Windows NT 10.0; Win64; x64) AppleWebKit/537.36 Chrome/124.0"
203.0.113.5 - - [01/Jul/2026:13:41:04 +0000] "GET /contact HTTP/1.1" 200 5199 "-" "Mozilla/5.0 (Windows NT 10.0; Win64; x64) AppleWebKit/537.36 Chrome/124.0"
203.0.113.14 - - [01/Jul/2026:13:41:06 +0000] "GET /contact HTTP/1.1" 304 6404 "-" "Mozilla/5.0 (X11; Linux x86_64) Gecko/20100101 Firefox/126.0"
203.0.113.5 - - [01/Jul/2026:13:41:16 +0000] "GET /index.html HTTP/1.1" 200 3305 "-" "Mozilla/5.0 (Macintosh; Intel Mac OS X 10_15_7) AppleWebKit/605.1.15 Safari/605.1.15"
203.0.113.10 - - [01/Jul/2026:13:41:18 +0000] "GET /about HTTP/1.1" 200 6582 "-" "Mozilla/5.0 (X11; Linux x86_64) Gecko/20100101 Firefox/126.0"
203.0.113.15 - - [01/Jul/2026:13:41:19 +0000] "GET /blog/post-1 HTTP/1.1" 200 6329 "-" "Mozilla/5.0 (Macintosh; Intel Mac OS X 10_15_7) AppleWebKit/605.1.15 Safari/605.1.15"
203.0.113.3 - - [01/Jul/2026:13:41:33 +0000] "GET /blog/post-1 HTTP/1.1" 200 4377 "-" "Mozilla/5.0 (X11; Linux x86_64) Gecko/20100101 Firefox/126.0"
203.0.113.14 - - [01/Jul/2026:13:41:33 +0000] "GET /blog/post-1 HTTP/1.1" 200 1979 "-" "Mozilla/5.0 (X11; Linux x86_64) Gecko/20100101 Firefox/126.0"
203.0.113.7 - - [01/Jul/2026:13:41:41 +0000] "GET /about HTTP/1.1" 200 7406 "-" "Mozilla/5.0 (Macintosh; Intel Mac OS X 10_15_7) AppleWebKit/605.1.15 Safari/605.1.15"
203.0.113.4 - - [01/Jul/2026:13:41:43 +0000] "GET /images/logo.png HTTP/1.1" 200 6180 "-" "Mozilla/5.0 (Windows NT 10.0; Win64; x64) AppleWebKit/537.36 Chrome/124.0"
203.0.113.7 - - [01/Jul/2026:13:41:45 +0000] "GET /blog/post-1 HTTP/1.1" 200 7352 "-" "Mozilla/5.0 (Windows NT 10.0; Win64; x64) AppleWebKit/537.36 Chrome/124.0"
203.0.113.12 - - [01/Jul/2026:13:41:50 +0000] "GET /blog/post-1 HTTP/1.1" 404 5487 "-" "Mozilla/5.0 (Macintosh; Intel Mac OS X 10_15_7) AppleWebKit/605.1.15 Safari/605.1.15"
203.0.113.17 - - [01/Jul/2026:13:41:55 +0000] "GET /contact HTTP/1.1" 200 839 "-" "Mozilla/5.0 (Macintosh; Intel Mac OS X 10_15_7) AppleWebKit/605.1.15 Safari/605.1.15"
203.0.113.10 - - [01/Jul/2026:13:53:05 +0000] "GET /contact HTTP/1.1" 200 1527 "-" "Mozilla/5.0 (Macintosh; Intel Mac OS X 10_15_7) AppleWebKit/605.1.15 Safari/605.1.15"
203.0.113.16 - - [01/Jul/2026:13:53:09 +0000] "GET /about HTTP/1.1" 200 620 "-" "Mozilla/5.0 (Macintosh; Intel Mac OS X 10_15_7) AppleWebKit/605.1.15 Safari/605.1.15"
203.0.113.8 - - [01/Jul/2026:13:53:17 +0000] "GET /contact HTTP/1.1" 200 3449 "-" "Mozilla/5.0 (X11; Linux x86_64) Gecko/20100101 Firefox/126.0"
203.0.113.5 - - [01/Jul/2026:13:53:22 +0000] "GET / HTTP/1.1" 200 7360 "-" "Mozilla/5.0 (Macintosh; Intel Mac OS X 10_15_7) AppleWebKit/605.1.15 Safari/605.1.15"
